Title: Hotbrew Digest
Items: 3
Sections: 3
Meta: sources=2 considered=3 deduped=0 rules=0
Section 1: AI [ai] [c_8120494f9b920f84]
Section 2: Devtools [devtools] [c_b42688878ff51d21]
Section 3: Repo of the Day [repo] [c_af4381821c48d473]
Item 1: GitHub Trending | karpathy/autoresearch | https://github.com/karpathy/autoresearch
Item 2: Hacker News | Agent Safehouse | https://example.com/agent-safehouse
Item 3: Hacker News | Compiler renaissance | https://example.com/compiler-renaissance
